[2025-11-16 01:20:35] [INFO] | MEM: 6.31MB | Message: Employee Excel Import started | Data: {"file":"phpF7D8.tmp","rows":243}
[2025-11-16 01:20:36] [SUCCESS] | MEM: 5.2MB | Message: Employee Excel Import completed | Data: {"rows":242,"time_sec":0.36}
[2025-11-16 01:20:36] [SUCCESS] | MEM: 5.2MB | Message: Employee import success | Data: {"format":"xlsx"}
[2025-11-16 01:27:04] [INFO] | MEM: 0.62MB | Message: CSV Import started | Data: {"file":"phpE8BA.tmp"}
[2025-11-16 01:27:20] [INFO] | MEM: 0.63MB | Message: CSV Progress | Data: {"rows":10000}
[2025-11-16 01:27:21] [SUCCESS] | MEM: 0.95MB | Message: CSV Import completed | Data: {"rows":10660,"errors":0,"time_sec":16.35}
[2025-11-16 01:27:21] [SUCCESS] | MEM: 0.61MB | Message: Order import success | Data: {"format":"csv"}
[2025-11-16 01:27:45] [INFO] | MEM: 1.04MB | Message: Report generated | Data: {"thang":"2025-11","khoang":"2025-11-01 ~ 2025-11-30","suspect_count":214,"top_threshold":20,"ket_qua_chung":"100.00%"}
[2025-11-16 01:28:38] [INFO] | MEM: 0.92MB | Message: Report generated | Data: {"thang":"2025-10","khoang":"2025-10-31 ~ 2025-10-31","suspect_count":52,"top_threshold":20,"ket_qua_chung":"100.00%"}
[2025-11-16 01:29:07] [INFO] | MEM: 0.92MB | Message: Report generated | Data: {"thang":"2025-10","khoang":"2025-10-31 ~ 2025-10-31","suspect_count":52,"top_threshold":20,"ket_qua_chung":"100.00%"}
[2025-11-16 01:29:09] [INFO] | MEM: 0.92MB | Message: Report generated | Data: {"thang":"2025-10","khoang":"2025-10-31 ~ 2025-10-31","suspect_count":52,"top_threshold":20,"ket_qua_chung":"100.00%"}
[2025-11-16 01:29:43] [INFO] | MEM: 1.04MB | Message: Report generated | Data: {"thang":"2025-11","khoang":"2025-11-01 ~ 2025-11-02","suspect_count":214,"top_threshold":20,"ket_qua_chung":"38.71%"}
[2025-11-16 01:41:19] [INFO] | MEM: 1.05MB | Message: Report generated | Data: {"thang":"2025-11","khoang":"2025-11-01 ~ 2025-11-02","ket_qua_chung":"38.71%","ty_le_nghi_van":"58.06%","tong_nghi_van":43,"top_threshold":20}
[2025-11-16 01:49:31] [INFO] | MEM: 0.62MB | Message: CSV Import started | Data: {"file":"php741E.tmp"}
[2025-11-16 01:49:47] [INFO] | MEM: 0.63MB | Message: CSV Progress | Data: {"rows":10000}
[2025-11-16 01:49:48] [SUCCESS] | MEM: 0.95MB | Message: CSV Import completed | Data: {"rows":10660,"errors":0,"time_sec":16.79}
[2025-11-16 01:49:48] [SUCCESS] | MEM: 0.61MB | Message: Order import success | Data: {"format":"csv"}
[2025-11-16 01:52:23] [INFO] | MEM: 0.62MB | Message: CSV Import started | Data: {"file":"php1304.tmp"}
[2025-11-16 01:52:38] [INFO] | MEM: 0.63MB | Message: CSV Progress | Data: {"rows":10000}
[2025-11-16 01:52:54] [INFO] | MEM: 0.63MB | Message: CSV Progress | Data: {"rows":20000}
[2025-11-16 01:53:09] [INFO] | MEM: 0.63MB | Message: CSV Progress | Data: {"rows":30000}
[2025-11-16 01:53:25] [INFO] | MEM: 0.63MB | Message: CSV Progress | Data: {"rows":40000}
[2025-11-16 01:53:41] [INFO] | MEM: 0.63MB | Message: CSV Progress | Data: {"rows":50000}
[2025-11-16 01:53:45] [SUCCESS] | MEM: 0.69MB | Message: CSV Import completed | Data: {"rows":53134,"errors":0,"time_sec":82.69}
[2025-11-16 01:53:45] [SUCCESS] | MEM: 0.61MB | Message: Order import success | Data: {"format":"csv"}
[2025-11-16 01:54:30] [INFO] | MEM: 0.91MB | Message: Report generated | Data: {"thang":"2025-11","khoang":"2025-11-01 ~ 2025-11-30","ket_qua_chung":"100.00%","ty_le_nghi_van":"150.00%","tong_nghi_van":0,"top_threshold":0}
[2025-11-16 01:54:38] [INFO] | MEM: 0.91MB | Message: Report generated | Data: {"thang":"2025-11","khoang":"2025-11-01 ~ 2025-11-30","ket_qua_chung":"100.00%","ty_le_nghi_van":"150.00%","tong_nghi_van":0,"top_threshold":0}
[2025-11-16 02:12:57] [INFO] | MEM: 0.62MB | Message: CSV Import started | Data: {"file":"phpE31F.tmp"}
[2025-11-16 02:13:02] [INFO] | MEM: 0.63MB | Message: CSV Progress | Data: {"rows":10000}
[2025-11-16 02:13:07] [INFO] | MEM: 0.63MB | Message: CSV Progress | Data: {"rows":20000}
[2025-11-16 02:13:12] [INFO] | MEM: 0.63MB | Message: CSV Progress | Data: {"rows":30000}
[2025-11-16 02:13:17] [INFO] | MEM: 0.63MB | Message: CSV Progress | Data: {"rows":40000}
[2025-11-16 02:13:22] [INFO] | MEM: 0.63MB | Message: CSV Progress | Data: {"rows":50000}
[2025-11-16 02:13:27] [INFO] | MEM: 0.63MB | Message: CSV Progress | Data: {"rows":60000}
[2025-11-16 02:13:33] [INFO] | MEM: 0.63MB | Message: CSV Progress | Data: {"rows":70000}
[2025-11-16 02:13:38] [INFO] | MEM: 0.63MB | Message: CSV Progress | Data: {"rows":80000}
[2025-11-16 02:13:44] [INFO] | MEM: 0.63MB | Message: CSV Progress | Data: {"rows":90000}
[2025-11-16 02:13:49] [INFO] | MEM: 0.63MB | Message: CSV Progress | Data: {"rows":100000}
[2025-11-16 02:13:54] [INFO] | MEM: 0.63MB | Message: CSV Progress | Data: {"rows":110000}
[2025-11-16 02:14:00] [INFO] | MEM: 0.63MB | Message: CSV Progress | Data: {"rows":120000}
[2025-11-16 02:14:05] [INFO] | MEM: 0.63MB | Message: CSV Progress | Data: {"rows":130000}
[2025-11-16 02:14:10] [INFO] | MEM: 0.63MB | Message: CSV Progress | Data: {"rows":140000}
[2025-11-16 02:14:17] [INFO] | MEM: 0.63MB | Message: CSV Progress | Data: {"rows":150000}
[2025-11-16 02:14:23] [INFO] | MEM: 0.63MB | Message: CSV Progress | Data: {"rows":160000}
[2025-11-16 02:14:37] [INFO] | MEM: 0.63MB | Message: CSV Progress | Data: {"rows":170000}
[2025-11-16 02:14:53] [INFO] | MEM: 0.63MB | Message: CSV Progress | Data: {"rows":180000}
[2025-11-16 02:15:09] [INFO] | MEM: 0.63MB | Message: CSV Progress | Data: {"rows":190000}
[2025-11-16 02:15:25] [INFO] | MEM: 0.63MB | Message: CSV Progress | Data: {"rows":200000}
[2025-11-16 02:15:41] [INFO] | MEM: 0.63MB | Message: CSV Progress | Data: {"rows":210000}
[2025-11-16 02:15:57] [INFO] | MEM: 0.63MB | Message: CSV Progress | Data: {"rows":220000}
[2025-11-16 02:16:13] [INFO] | MEM: 0.63MB | Message: CSV Progress | Data: {"rows":230000}
[2025-11-16 02:16:29] [INFO] | MEM: 0.63MB | Message: CSV Progress | Data: {"rows":240000}
[2025-11-16 02:16:45] [SUCCESS] | MEM: 0.97MB | Message: CSV Import completed | Data: {"rows":249693,"errors":0,"time_sec":228.44}
[2025-11-16 02:16:45] [SUCCESS] | MEM: 0.61MB | Message: Order import success | Data: {"format":"csv"}
[2025-11-16 02:17:04] [INFO] | MEM: 0.92MB | Message: Report generated | Data: {"thang":"2025-11","khoang":"2025-11-01 ~ 2025-11-30","ket_qua_chung":"100.00%","ty_le_nghi_van":"150.00%","tong_nghi_van":0,"top_threshold":0}
[2025-11-16 02:17:28] [INFO] | MEM: 1.06MB | Message: Report generated | Data: {"thang":"2025-10","khoang":"2025-11-27 ~ 2025-10-31","ket_qua_chung":"0.00%","ty_le_nghi_van":"0.00%","tong_nghi_van":236,"top_threshold":20}
[2025-11-16 02:17:30] [INFO] | MEM: 1.06MB | Message: Report generated | Data: {"thang":"2025-10","khoang":"2025-11-27 ~ 2025-10-31","ket_qua_chung":"0.00%","ty_le_nghi_van":"0.00%","tong_nghi_van":236,"top_threshold":20}
[2025-11-16 02:17:58] [INFO] | MEM: 1.07MB | Message: Report generated | Data: {"thang":"2025-10","khoang":"2025-10-28 ~ 2025-10-31","ket_qua_chung":"13.75%","ty_le_nghi_van":"20.62%","tong_nghi_van":43,"top_threshold":20}
[2025-11-16 02:18:26] [INFO] | MEM: 1.07MB | Message: Report generated | Data: {"thang":"2025-10","khoang":"2025-10-28 ~ 2025-10-31","ket_qua_chung":"13.75%","ty_le_nghi_van":"20.62%","tong_nghi_van":43,"top_threshold":20}
[2025-11-16 02:18:53] [INFO] | MEM: 1.07MB | Message: Report generated | Data: {"thang":"2025-10","khoang":"2025-10-12 ~ 2025-10-14","ket_qua_chung":"9.06%","ty_le_nghi_van":"13.59%","tong_nghi_van":30,"top_threshold":20}
